
> JIKTOO-app@0.0.0 build
> vite build

[36mvite v6.4.1 [32mbuilding for production...[36m[39m
transforming...
[32m??[39m 348 modules transformed.
node.exe : [31m??[39m Build
 failed in 4.36s
위치 줄:1 문자:1
+ & "C:\Program Files\nodejs
/node.exe" "C:\Program Files
\nodejs/node_mo ...
+ ~~~~~~~~~~~~~~~~~~~~~~~~~~
~~~~~~~~~~~~~~~~~~~~~~~~~~~~
~~~~~~~~~~~~~~~
    + CategoryInfo          
    : NotSpecified: ([31m  
  ??[39m Build failed in    
 4.36s:String) [], Remot    
eException
    + FullyQualifiedErrorId 
    : NativeCommandError
 
[31merror during build:
[31mhooks/usePortfolio.ts (
4:9): "fetchPortfolioAnalysi
s" is not exported by "servi
ces/gemini/portfolioService.
ts", imported by "hooks/useP
ortfolio.ts".[31m
file: [36mC:/Users/USER/Dow
nloads/吏곹닾/copy-of-sepa-ai/h
ooks/usePortfolio.ts:4:9[31
m
[33m
2: import { useState, useCal
lback, useEffect } from 'rea
ct';
3: import type { PortfolioIt
em, PortfolioItemAnalysis, P
ortfolioOverviewAnalysis, Ma
rketTarget, PortfolioImmunit
yAnalysi...
4: import { fetchPortfolioAn
alysis, fetchPortfolioOvervi
ew, generateAIBriefing, gene
ratePortfolioImmunityAnalysi
s } from...
            ^
5: import { supabase } from 
'../services/supabaseClient'
;
[31m
    at getRollupError (file:
///C:/Users/USER/Downloads/%
EC%A7%81%ED%88%AC/copy-of-se
pa-ai/node_modules/rollup/di
st/es/shared/parseAst.js:401
:41)
    at error (file:///C:/Use
rs/USER/Downloads/%EC%A7%81%
ED%88%AC/copy-of-sepa-ai/nod
e_modules/rollup/dist/es/sha
red/parseAst.js:397:42)
    at Module.error (file://
/C:/Users/USER/Downloads/%EC
%A7%81%ED%88%AC/copy-of-sepa
-ai/node_modules/rollup/dist
/es/shared/node-entry.js:169
56:16)
    at Module.traceVariable 
(file:///C:/Users/USER/Downl
oads/%EC%A7%81%ED%88%AC/copy
-of-sepa-ai/node_modules/rol
lup/dist/es/shared/node-entr
y.js:17412:29)
    at ModuleScope.findVaria
ble (file:///C:/Users/USER/D
ownloads/%EC%A7%81%ED%88%AC/
copy-of-sepa-ai/node_modules
/rollup/dist/es/shared/node-
entry.js:15076:39)
    at ReturnValueScope.find
Variable (file:///C:/Users/U
SER/Downloads/%EC%A7%81%ED%8
8%AC/copy-of-sepa-ai/node_mo
dules/rollup/dist/es/shared/
node-entry.js:5649:38)
    at FunctionBodyScope.fin
dVariable (file:///C:/Users/
USER/Downloads/%EC%A7%81%ED%
88%AC/copy-of-sepa-ai/node_m
odules/rollup/dist/es/shared
/node-entry.js:5649:38)
    at ReturnValueScope.find
Variable (file:///C:/Users/U
SER/Downloads/%EC%A7%81%ED%8
8%AC/copy-of-sepa-ai/node_mo
dules/rollup/dist/es/shared/
node-entry.js:5649:38)
    at FunctionBodyScope.fin
dVariable (file:///C:/Users/
USER/Downloads/%EC%A7%81%ED%
88%AC/copy-of-sepa-ai/node_m
odules/rollup/dist/es/shared
/node-entry.js:5649:38)
    at BlockScope.findVariab
le (file:///C:/Users/USER/Do
wnloads/%EC%A7%81%ED%88%AC/c
opy-of-sepa-ai/node_modules/
rollup/dist/es/shared/node-e
ntry.js:5649:38)[39m
