scripts/upload-to-supabase.mjs(1,1): error TS1490: File appears to be binary.
